running develop
Removing /home/aashraey-vaid/mars_rover_ws/install/mars_rover_description/lib/python3.12/site-packages/mars-rover-description.egg-link (link to .)
running egg_info
writing ../../build/mars_rover_description/mars_rover_description.egg-info/PKG-INFO
writing dependency_links to ../../build/mars_rover_description/mars_rover_description.egg-info/dependency_links.txt
writing requirements to ../../build/mars_rover_description/mars_rover_description.egg-info/requires.txt
writing top-level names to ../../build/mars_rover_description/mars_rover_description.egg-info/top_level.txt
reading manifest file '../../build/mars_rover_description/mars_rover_description.egg-info/SOURCES.txt'
writing manifest file '../../build/mars_rover_description/mars_rover_description.egg-info/SOURCES.txt'
running build
running build_py
creating /home/aashraey-vaid/mars_rover_ws/build/mars_rover_description/build
creating /home/aashraey-vaid/mars_rover_ws/build/mars_rover_description/build/lib
creating /home/aashraey-vaid/mars_rover_ws/build/mars_rover_description/build/lib/mars_rover_description
copying mars_rover_description/__init__.py -> /home/aashraey-vaid/mars_rover_ws/build/mars_rover_description/build/lib/mars_rover_description
running install
running install_lib
creating /home/aashraey-vaid/mars_rover_ws/install/mars_rover_description/lib/python3.12/site-packages/mars_rover_description
copying /home/aashraey-vaid/mars_rover_ws/build/mars_rover_description/build/lib/mars_rover_description/__init__.py -> /home/aashraey-vaid/mars_rover_ws/install/mars_rover_description/lib/python3.12/site-packages/mars_rover_description
byte-compiling /home/aashraey-vaid/mars_rover_ws/install/mars_rover_description/lib/python3.12/site-packages/mars_rover_description/__init__.py to __init__.cpython-312.pyc
running install_data
copying resource/mars_rover_description -> /home/aashraey-vaid/mars_rover_ws/install/mars_rover_description/share/ament_index/resource_index/packages
copying package.xml -> /home/aashraey-vaid/mars_rover_ws/install/mars_rover_description/share/mars_rover_description
copying urdf/basic_rover.urdf.xacro -> /home/aashraey-vaid/mars_rover_ws/install/mars_rover_description/share/mars_rover_description/urdf
copying launch/display.launch.py -> /home/aashraey-vaid/mars_rover_ws/install/mars_rover_description/share/mars_rover_description/launch
copying config/controllers.yaml -> /home/aashraey-vaid/mars_rover_ws/install/mars_rover_description/share/mars_rover_description/config
running install_egg_info
Copying ../../build/mars_rover_description/mars_rover_description.egg-info to /home/aashraey-vaid/mars_rover_ws/install/mars_rover_description/lib/python3.12/site-packages/mars_rover_description-0.0.0-py3.12.egg-info
running install_scripts
writing list of installed files to '/home/aashraey-vaid/mars_rover_ws/build/mars_rover_description/install.log'
