[1.073s] Invoking command in '/home/aashraey-vaid/mars_rover_ws/build/mars_rover_description': DEBUGINFOD_URLS=https://debuginfod.ubuntu.com PYTHONPATH=/home/aashraey-vaid/mars_rover_ws/build/mars_rover_description/prefix_override:/usr/lib/python3/dist-packages/colcon_core/task/python/colcon_distutils_commands:/home/aashraey-vaid/mars_rover_ws/install/mars_rover_description/lib/python3.12/site-packages:${PYTHONPATH} /usr/bin/python3 -W ignore:setup.py install is deprecated -W ignore:easy_install command is deprecated setup.py develop --uninstall --editable --build-directory /home/aashraey-vaid/mars_rover_ws/build/mars_rover_description/build
[1.349s] running develop
[1.502s] Removing /home/aashraey-vaid/mars_rover_ws/install/mars_rover_description/lib/python3.12/site-packages/mars-rover-description.egg-link (link to .)
[1.542s] Invoked command in '/home/aashraey-vaid/mars_rover_ws/build/mars_rover_description' returned '0': DEBUGINFOD_URLS=https://debuginfod.ubuntu.com PYTHONPATH=/home/aashraey-vaid/mars_rover_ws/build/mars_rover_description/prefix_override:/usr/lib/python3/dist-packages/colcon_core/task/python/colcon_distutils_commands:/home/aashraey-vaid/mars_rover_ws/install/mars_rover_description/lib/python3.12/site-packages:${PYTHONPATH} /usr/bin/python3 -W ignore:setup.py install is deprecated -W ignore:easy_install command is deprecated setup.py develop --uninstall --editable --build-directory /home/aashraey-vaid/mars_rover_ws/build/mars_rover_description/build
[1.543s] Invoking command in '/home/aashraey-vaid/mars_rover_ws/src/mars_rover_description': DEBUGINFOD_URLS=https://debuginfod.ubuntu.com PYTHONPATH=/home/aashraey-vaid/mars_rover_ws/build/mars_rover_description/prefix_override:/usr/lib/python3/dist-packages/colcon_core/task/python/colcon_distutils_commands:/home/aashraey-vaid/mars_rover_ws/install/mars_rover_description/lib/python3.12/site-packages:${PYTHONPATH} /usr/bin/python3 -W ignore:setup.py install is deprecated -W ignore:easy_install command is deprecated setup.py egg_info --egg-base ../../build/mars_rover_description build --build-base /home/aashraey-vaid/mars_rover_ws/build/mars_rover_description/build install --record /home/aashraey-vaid/mars_rover_ws/build/mars_rover_description/install.log --install-scripts $base/lib/mars_rover_description --single-version-externally-managed install_data --force
[1.771s] running egg_info
[1.786s] writing ../../build/mars_rover_description/mars_rover_description.egg-info/PKG-INFO
[1.786s] writing dependency_links to ../../build/mars_rover_description/mars_rover_description.egg-info/dependency_links.txt
[1.786s] writing requirements to ../../build/mars_rover_description/mars_rover_description.egg-info/requires.txt
[1.787s] writing top-level names to ../../build/mars_rover_description/mars_rover_description.egg-info/top_level.txt
[1.818s] reading manifest file '../../build/mars_rover_description/mars_rover_description.egg-info/SOURCES.txt'
[1.819s] writing manifest file '../../build/mars_rover_description/mars_rover_description.egg-info/SOURCES.txt'
[1.820s] running build
[1.820s] running build_py
[1.820s] creating /home/aashraey-vaid/mars_rover_ws/build/mars_rover_description/build
[1.820s] creating /home/aashraey-vaid/mars_rover_ws/build/mars_rover_description/build/lib
[1.820s] creating /home/aashraey-vaid/mars_rover_ws/build/mars_rover_description/build/lib/mars_rover_description
[1.820s] copying mars_rover_description/__init__.py -> /home/aashraey-vaid/mars_rover_ws/build/mars_rover_description/build/lib/mars_rover_description
[1.820s] running install
[1.826s] running install_lib
[1.842s] creating /home/aashraey-vaid/mars_rover_ws/install/mars_rover_description/lib/python3.12/site-packages/mars_rover_description
[1.842s] copying /home/aashraey-vaid/mars_rover_ws/build/mars_rover_description/build/lib/mars_rover_description/__init__.py -> /home/aashraey-vaid/mars_rover_ws/install/mars_rover_description/lib/python3.12/site-packages/mars_rover_description
[1.842s] byte-compiling /home/aashraey-vaid/mars_rover_ws/install/mars_rover_description/lib/python3.12/site-packages/mars_rover_description/__init__.py to __init__.cpython-312.pyc
[1.842s] running install_data
[1.842s] copying resource/mars_rover_description -> /home/aashraey-vaid/mars_rover_ws/install/mars_rover_description/share/ament_index/resource_index/packages
[1.843s] copying package.xml -> /home/aashraey-vaid/mars_rover_ws/install/mars_rover_description/share/mars_rover_description
[1.843s] copying urdf/basic_rover.urdf.xacro -> /home/aashraey-vaid/mars_rover_ws/install/mars_rover_description/share/mars_rover_description/urdf
[1.843s] copying launch/display.launch.py -> /home/aashraey-vaid/mars_rover_ws/install/mars_rover_description/share/mars_rover_description/launch
[1.843s] copying config/controllers.yaml -> /home/aashraey-vaid/mars_rover_ws/install/mars_rover_description/share/mars_rover_description/config
[1.843s] running install_egg_info
[1.860s] Copying ../../build/mars_rover_description/mars_rover_description.egg-info to /home/aashraey-vaid/mars_rover_ws/install/mars_rover_description/lib/python3.12/site-packages/mars_rover_description-0.0.0-py3.12.egg-info
[1.860s] running install_scripts
[1.991s] writing list of installed files to '/home/aashraey-vaid/mars_rover_ws/build/mars_rover_description/install.log'
[2.033s] Invoked command in '/home/aashraey-vaid/mars_rover_ws/src/mars_rover_description' returned '0': DEBUGINFOD_URLS=https://debuginfod.ubuntu.com PYTHONPATH=/home/aashraey-vaid/mars_rover_ws/build/mars_rover_description/prefix_override:/usr/lib/python3/dist-packages/colcon_core/task/python/colcon_distutils_commands:/home/aashraey-vaid/mars_rover_ws/install/mars_rover_description/lib/python3.12/site-packages:${PYTHONPATH} /usr/bin/python3 -W ignore:setup.py install is deprecated -W ignore:easy_install command is deprecated setup.py egg_info --egg-base ../../build/mars_rover_description build --build-base /home/aashraey-vaid/mars_rover_ws/build/mars_rover_description/build install --record /home/aashraey-vaid/mars_rover_ws/build/mars_rover_description/install.log --install-scripts $base/lib/mars_rover_description --single-version-externally-managed install_data --force
