[0.862s] Invoking command in '/home/aashraey-vaid/mars_rover_ws/src/mars_rover_description': DEBUGINFOD_URLS=https://debuginfod.ubuntu.com PYTHONPATH=/home/aashraey-vaid/mars_rover_ws/build/mars_rover_description/prefix_override:/usr/lib/python3/dist-packages/colcon_core/task/python/colcon_distutils_commands:/home/aashraey-vaid/mars_rover_ws/install/mars_rover_description/lib/python3.12/site-packages:${PYTHONPATH} /usr/bin/python3 -W ignore:setup.py install is deprecated -W ignore:easy_install command is deprecated setup.py egg_info --egg-base ../../build/mars_rover_description build --build-base /home/aashraey-vaid/mars_rover_ws/build/mars_rover_description/build install --record /home/aashraey-vaid/mars_rover_ws/build/mars_rover_description/install.log --install-scripts $base/lib/mars_rover_description --single-version-externally-managed install_data
[1.195s] running egg_info
[1.210s] writing ../../build/mars_rover_description/mars_rover_description.egg-info/PKG-INFO
[1.211s] writing dependency_links to ../../build/mars_rover_description/mars_rover_description.egg-info/dependency_links.txt
[1.211s] writing requirements to ../../build/mars_rover_description/mars_rover_description.egg-info/requires.txt
[1.211s] writing top-level names to ../../build/mars_rover_description/mars_rover_description.egg-info/top_level.txt
[1.241s] reading manifest file '../../build/mars_rover_description/mars_rover_description.egg-info/SOURCES.txt'
[1.241s] writing manifest file '../../build/mars_rover_description/mars_rover_description.egg-info/SOURCES.txt'
[1.242s] running build
[1.242s] running build_py
[1.242s] running install
[1.248s] running install_lib
[1.264s] running install_data
[1.265s] copying config/controllers.yaml -> /home/aashraey-vaid/mars_rover_ws/install/mars_rover_description/share/mars_rover_description/config
[1.265s] running install_egg_info
[1.283s] removing '/home/aashraey-vaid/mars_rover_ws/install/mars_rover_description/lib/python3.12/site-packages/mars_rover_description-0.0.0-py3.12.egg-info' (and everything under it)
[1.283s] Copying ../../build/mars_rover_description/mars_rover_description.egg-info to /home/aashraey-vaid/mars_rover_ws/install/mars_rover_description/lib/python3.12/site-packages/mars_rover_description-0.0.0-py3.12.egg-info
[1.283s] running install_scripts
[1.393s] writing list of installed files to '/home/aashraey-vaid/mars_rover_ws/build/mars_rover_description/install.log'
[1.444s] Invoked command in '/home/aashraey-vaid/mars_rover_ws/src/mars_rover_description' returned '0': DEBUGINFOD_URLS=https://debuginfod.ubuntu.com PYTHONPATH=/home/aashraey-vaid/mars_rover_ws/build/mars_rover_description/prefix_override:/usr/lib/python3/dist-packages/colcon_core/task/python/colcon_distutils_commands:/home/aashraey-vaid/mars_rover_ws/install/mars_rover_description/lib/python3.12/site-packages:${PYTHONPATH} /usr/bin/python3 -W ignore:setup.py install is deprecated -W ignore:easy_install command is deprecated setup.py egg_info --egg-base ../../build/mars_rover_description build --build-base /home/aashraey-vaid/mars_rover_ws/build/mars_rover_description/build install --record /home/aashraey-vaid/mars_rover_ws/build/mars_rover_description/install.log --install-scripts $base/lib/mars_rover_description --single-version-externally-managed install_data
