[0.068s] DEBUG:colcon:Command line arguments: ['/usr/bin/colcon', 'build', '--symlink-install']
[0.068s] DEBUG:colcon:Parsed command line arguments: Namespace(log_base=None, log_level=None, verb_name='build', build_base='build', install_base='install', merge_install=False, symlink_install=True, test_result_base=None, continue_on_error=False, executor='parallel', parallel_workers=12, event_handlers=None, ignore_user_meta=False, metas=['./colcon.meta'], base_paths=['.'], packages_ignore=None, packages_ignore_regex=None, paths=None, packages_up_to=None, packages_up_to_regex=None, packages_above=None, packages_above_and_dependencies=None, packages_above_depth=None, packages_select_by_dep=None, packages_skip_by_dep=None, packages_skip_up_to=None, packages_select_build_failed=False, packages_skip_build_finished=False, packages_select_test_failures=False, packages_skip_test_passed=False, packages_select=None, packages_skip=None, packages_select_regex=None, packages_skip_regex=None, packages_start=None, packages_end=None, allow_overriding=[], cmake_args=None, cmake_target=None, cmake_target_skip_unavailable=False, cmake_clean_cache=False, cmake_clean_first=False, cmake_force_configure=False, ament_cmake_args=None, catkin_cmake_args=None, catkin_skip_building_tests=False, verb_parser=<colcon_defaults.argument_parser.defaults.DefaultArgumentsDecorator object at 0x71fc8a54cbf0>, verb_extension=<colcon_core.verb.build.BuildVerb object at 0x71fc8a54c9b0>, main=<bound method BuildVerb.main of <colcon_core.verb.build.BuildVerb object at 0x71fc8a54c9b0>>)
[0.093s] Level 1:colcon.colcon_core.package_discovery:discover_packages(colcon_meta) check parameters
[0.093s] Level 1:colcon.colcon_core.package_discovery:discover_packages(recursive) check parameters
[0.093s] Level 1:colcon.colcon_core.package_discovery:discover_packages(ignore) check parameters
[0.093s] Level 1:colcon.colcon_core.package_discovery:discover_packages(path) check parameters
[0.093s] Level 1:colcon.colcon_core.package_discovery:discover_packages(colcon_meta) discover
[0.093s] Level 1:colcon.colcon_core.package_discovery:discover_packages(recursive) discover
[0.093s] INFO:colcon.colcon_core.package_discovery:Crawling recursively for packages in '/home/aashraey-vaid/mars_rover_ws'
[0.094s] Level 1:colcon.colcon_core.package_identification:_identify(.) by extensions ['ignore', 'ignore_ament_install']
[0.094s] Level 1:colcon.colcon_core.package_identification:_identify(.) by extension 'ignore'
[0.094s] Level 1:colcon.colcon_core.package_identification:_identify(.) by extension 'ignore_ament_install'
[0.094s] Level 1:colcon.colcon_core.package_identification:_identify(.) by extensions ['colcon_pkg']
[0.094s] Level 1:colcon.colcon_core.package_identification:_identify(.) by extension 'colcon_pkg'
[0.094s] Level 1:colcon.colcon_core.package_identification:_identify(.) by extensions ['colcon_meta']
[0.094s] Level 1:colcon.colcon_core.package_identification:_identify(.) by extension 'colcon_meta'
[0.094s] Level 1:colcon.colcon_core.package_identification:_identify(.) by extensions ['ros']
[0.094s] Level 1:colcon.colcon_core.package_identification:_identify(.) by extension 'ros'
[0.111s] Level 1:colcon.colcon_core.package_identification:_identify(.) by extensions ['cmake', 'python']
[0.111s] Level 1:colcon.colcon_core.package_identification:_identify(.) by extension 'cmake'
[0.112s] Level 1:colcon.colcon_core.package_identification:_identify(.) by extension 'python'
[0.112s] Level 1:colcon.colcon_core.package_identification:_identify(.) by extensions ['python_setup_py']
[0.112s] Level 1:colcon.colcon_core.package_identification:_identify(.) by extension 'python_setup_py'
[0.112s] Level 1:colcon.colcon_core.package_identification:_identify(build) by extensions ['ignore', 'ignore_ament_install']
[0.112s] Level 1:colcon.colcon_core.package_identification:_identify(build) by extension 'ignore'
[0.112s] Level 1:colcon.colcon_core.package_identification:_identify(build) ignored
[0.112s] Level 1:colcon.colcon_core.package_identification:_identify(install) by extensions ['ignore', 'ignore_ament_install']
[0.112s] Level 1:colcon.colcon_core.package_identification:_identify(install) by extension 'ignore'
[0.112s] Level 1:colcon.colcon_core.package_identification:_identify(install) ignored
[0.112s] Level 1:colcon.colcon_core.package_identification:_identify(log) by extensions ['ignore', 'ignore_ament_install']
[0.112s] Level 1:colcon.colcon_core.package_identification:_identify(log) by extension 'ignore'
[0.112s] Level 1:colcon.colcon_core.package_identification:_identify(log) ignored
[0.112s] Level 1:colcon.colcon_core.package_identification:_identify(src) by extensions ['ignore', 'ignore_ament_install']
[0.112s] Level 1:colcon.colcon_core.package_identification:_identify(src) by extension 'ignore'
[0.112s] Level 1:colcon.colcon_core.package_identification:_identify(src) by extension 'ignore_ament_install'
[0.112s] Level 1:colcon.colcon_core.package_identification:_identify(src) by extensions ['colcon_pkg']
[0.112s] Level 1:colcon.colcon_core.package_identification:_identify(src) by extension 'colcon_pkg'
[0.112s] Level 1:colcon.colcon_core.package_identification:_identify(src) by extensions ['colcon_meta']
[0.112s] Level 1:colcon.colcon_core.package_identification:_identify(src) by extension 'colcon_meta'
[0.112s] Level 1:colcon.colcon_core.package_identification:_identify(src) by extensions ['ros']
[0.112s] Level 1:colcon.colcon_core.package_identification:_identify(src) by extension 'ros'
[0.112s] Level 1:colcon.colcon_core.package_identification:_identify(src) by extensions ['cmake', 'python']
[0.112s] Level 1:colcon.colcon_core.package_identification:_identify(src) by extension 'cmake'
[0.112s] Level 1:colcon.colcon_core.package_identification:_identify(src) by extension 'python'
[0.112s] Level 1:colcon.colcon_core.package_identification:_identify(src) by extensions ['python_setup_py']
[0.112s] Level 1:colcon.colcon_core.package_identification:_identify(src) by extension 'python_setup_py'
[0.112s] Level 1:colcon.colcon_core.package_identification:_identify(src/mars_rover_description) by extensions ['ignore', 'ignore_ament_install']
[0.112s] Level 1:colcon.colcon_core.package_identification:_identify(src/mars_rover_description) by extension 'ignore'
[0.113s] Level 1:colcon.colcon_core.package_identification:_identify(src/mars_rover_description) by extension 'ignore_ament_install'
[0.113s] Level 1:colcon.colcon_core.package_identification:_identify(src/mars_rover_description) by extensions ['colcon_pkg']
[0.113s] Level 1:colcon.colcon_core.package_identification:_identify(src/mars_rover_description) by extension 'colcon_pkg'
[0.113s] Level 1:colcon.colcon_core.package_identification:_identify(src/mars_rover_description) by extensions ['colcon_meta']
[0.113s] Level 1:colcon.colcon_core.package_identification:_identify(src/mars_rover_description) by extension 'colcon_meta'
[0.113s] Level 1:colcon.colcon_core.package_identification:_identify(src/mars_rover_description) by extensions ['ros']
[0.113s] Level 1:colcon.colcon_core.package_identification:_identify(src/mars_rover_description) by extension 'ros'
[0.114s] DEBUG:colcon.colcon_core.package_identification:Package 'src/mars_rover_description' with type 'ros.ament_python' and name 'mars_rover_description'
[0.114s] Level 1:colcon.colcon_core.package_discovery:discover_packages(recursive) using defaults
[0.114s] Level 1:colcon.colcon_core.package_discovery:discover_packages(ignore) discover
[0.114s] Level 1:colcon.colcon_core.package_discovery:discover_packages(ignore) using defaults
[0.114s] Level 1:colcon.colcon_core.package_discovery:discover_packages(path) discover
[0.114s] Level 1:colcon.colcon_core.package_discovery:discover_packages(path) using defaults
[0.127s] Level 1:colcon.colcon_core.package_discovery:discover_packages(prefix_path) check parameters
[0.127s] Level 1:colcon.colcon_core.package_discovery:discover_packages(prefix_path) discover
[0.127s] WARNING:colcon.colcon_ros.prefix_path.ament:The path '/home/aashraey-vaid/mars_rover_ws/install/mars_rover_description' in the environment variable AMENT_PREFIX_PATH doesn't exist
[0.128s] DEBUG:colcon.colcon_installed_package_information.package_discovery:Found 0 installed packages in /home/aashraey-vaid/mars_rover_ws/install
[0.129s] DEBUG:colcon.colcon_installed_package_information.package_discovery:Found 427 installed packages in /opt/ros/jazzy
[0.131s] Level 1:colcon.colcon_core.package_discovery:discover_packages(prefix_path) using defaults
[0.163s] Level 5:colcon.colcon_core.verb:set package 'mars_rover_description' build argument 'cmake_args' from command line to 'None'
[0.163s] Level 5:colcon.colcon_core.verb:set package 'mars_rover_description' build argument 'cmake_target' from command line to 'None'
[0.163s] Level 5:colcon.colcon_core.verb:set package 'mars_rover_description' build argument 'cmake_target_skip_unavailable' from command line to 'False'
[0.163s] Level 5:colcon.colcon_core.verb:set package 'mars_rover_description' build argument 'cmake_clean_cache' from command line to 'False'
[0.163s] Level 5:colcon.colcon_core.verb:set package 'mars_rover_description' build argument 'cmake_clean_first' from command line to 'False'
[0.163s] Level 5:colcon.colcon_core.verb:set package 'mars_rover_description' build argument 'cmake_force_configure' from command line to 'False'
[0.163s] Level 5:colcon.colcon_core.verb:set package 'mars_rover_description' build argument 'ament_cmake_args' from command line to 'None'
[0.163s] Level 5:colcon.colcon_core.verb:set package 'mars_rover_description' build argument 'catkin_cmake_args' from command line to 'None'
[0.163s] Level 5:colcon.colcon_core.verb:set package 'mars_rover_description' build argument 'catkin_skip_building_tests' from command line to 'False'
[0.163s] DEBUG:colcon.colcon_core.verb:Building package 'mars_rover_description' with the following arguments: {'ament_cmake_args': None, 'build_base': '/home/aashraey-vaid/mars_rover_ws/build/mars_rover_description', 'catkin_cmake_args': None, 'catkin_skip_building_tests': False, 'cmake_args': None, 'cmake_clean_cache': False, 'cmake_clean_first': False, 'cmake_force_configure': False, 'cmake_target': None, 'cmake_target_skip_unavailable': False, 'install_base': '/home/aashraey-vaid/mars_rover_ws/install/mars_rover_description', 'merge_install': False, 'path': '/home/aashraey-vaid/mars_rover_ws/src/mars_rover_description', 'symlink_install': True, 'test_result_base': None}
[0.163s] INFO:colcon.colcon_core.executor:Executing jobs using 'parallel' executor
[0.164s] DEBUG:colcon.colcon_parallel_executor.executor.parallel:run_until_complete
[0.164s] INFO:colcon.colcon_ros.task.ament_python.build:Building ROS package in '/home/aashraey-vaid/mars_rover_ws/src/mars_rover_description' with build type 'ament_python'
[0.164s] Level 1:colcon.colcon_core.shell:create_environment_hook('mars_rover_description', 'ament_prefix_path')
[0.166s] INFO:colcon.colcon_core.plugin_system:Skipping extension 'colcon_core.shell.bat': Not used on non-Windows systems
[0.166s] INFO:colcon.colcon_core.shell:Creating environment hook '/home/aashraey-vaid/mars_rover_ws/install/mars_rover_description/share/mars_rover_description/hook/ament_prefix_path.ps1'
[0.166s] INFO:colcon.colcon_core.shell:Creating environment descriptor '/home/aashraey-vaid/mars_rover_ws/install/mars_rover_description/share/mars_rover_description/hook/ament_prefix_path.dsv'
[0.167s] INFO:colcon.colcon_core.shell:Creating environment hook '/home/aashraey-vaid/mars_rover_ws/install/mars_rover_description/share/mars_rover_description/hook/ament_prefix_path.sh'
[0.168s] INFO:colcon.colcon_core.shell:Skip shell extension 'powershell' for command environment: Not usable outside of PowerShell
[0.168s] DEBUG:colcon.colcon_core.shell:Skip shell extension 'dsv' for command environment
[0.322s] INFO:colcon.colcon_core.task.python.build:Building Python package in '/home/aashraey-vaid/mars_rover_ws/src/mars_rover_description'
[0.322s] INFO:colcon.colcon_core.shell:Skip shell extension 'powershell' for command environment: Not usable outside of PowerShell
[0.322s] DEBUG:colcon.colcon_core.shell:Skip shell extension 'dsv' for command environment
[0.711s] DEBUG:colcon.colcon_core.task.python.build:Available setuptools commands: bdist_rpm, develop, extract_messages, easy_install, install, symlink_data, bdist_egg, rotate, compile_catalog, init_catalog, register, alias, build_scripts, bdist, bdist_dumb, dist_info, build_py, build_clib, install_scripts, setopt, build, upload, editable_wheel, upload_docs, update_catalog, install_egg_info, sdist, install_lib, clean, install_headers, bdist_wheel, check, test, saveopts, build_ext, egg_info, install_data
[0.939s] DEBUG:colcon.colcon_core.task.python.build:Available setuptools 'develop' options: --local-snapshots-ok, --install-layout, --optimize, --editable, --quiet, --help, --build-directory, --egg-path, --user, --zip-ok, --multi-version, --dry-run, --no-deps, --no-user-cfg, --uninstall, --upgrade, --always-copy, --always-unzip, --find-links, --no-find-links, --verbose, --site-dirs, --force-installation-into-system-dir, --prefix, --script-dir, --allow-hosts, --index-url, --record, --version, --install-dir, --exclude-scripts
[0.941s] DEBUG:colcon.colcon_core.event_handler.log_command:Invoking command in '/home/aashraey-vaid/mars_rover_ws/build/mars_rover_description': DEBUGINFOD_URLS=https://debuginfod.ubuntu.com PYTHONPATH=/home/aashraey-vaid/mars_rover_ws/build/mars_rover_description/prefix_override:/usr/lib/python3/dist-packages/colcon_core/task/python/colcon_distutils_commands:/home/aashraey-vaid/mars_rover_ws/install/mars_rover_description/lib/python3.12/site-packages:${PYTHONPATH} /usr/bin/python3 -W ignore:setup.py install is deprecated -W ignore:easy_install command is deprecated setup.py develop --editable --build-directory /home/aashraey-vaid/mars_rover_ws/build/mars_rover_description/build --no-deps symlink_data
[1.407s] Level 1:colcon.colcon_core.shell:create_environment_hook('mars_rover_description', 'pythonpath_develop')
[1.408s] INFO:colcon.colcon_core.shell:Creating environment hook '/home/aashraey-vaid/mars_rover_ws/build/mars_rover_description/share/mars_rover_description/hook/pythonpath_develop.ps1'
[1.408s] DEBUG:colcon.colcon_core.event_handler.log_command:Invoked command in '/home/aashraey-vaid/mars_rover_ws/build/mars_rover_description' returned '0': DEBUGINFOD_URLS=https://debuginfod.ubuntu.com PYTHONPATH=/home/aashraey-vaid/mars_rover_ws/build/mars_rover_description/prefix_override:/usr/lib/python3/dist-packages/colcon_core/task/python/colcon_distutils_commands:/home/aashraey-vaid/mars_rover_ws/install/mars_rover_description/lib/python3.12/site-packages:${PYTHONPATH} /usr/bin/python3 -W ignore:setup.py install is deprecated -W ignore:easy_install command is deprecated setup.py develop --editable --build-directory /home/aashraey-vaid/mars_rover_ws/build/mars_rover_description/build --no-deps symlink_data
[1.409s] INFO:colcon.colcon_core.shell:Creating environment descriptor '/home/aashraey-vaid/mars_rover_ws/build/mars_rover_description/share/mars_rover_description/hook/pythonpath_develop.dsv'
[1.409s] INFO:colcon.colcon_core.shell:Creating environment hook '/home/aashraey-vaid/mars_rover_ws/build/mars_rover_description/share/mars_rover_description/hook/pythonpath_develop.sh'
[1.412s] Level 1:colcon.colcon_core.environment:checking '/home/aashraey-vaid/mars_rover_ws/install/mars_rover_description' for CMake module files
[1.412s] Level 1:colcon.colcon_core.environment:checking '/home/aashraey-vaid/mars_rover_ws/install/mars_rover_description' for CMake config files
[1.413s] Level 1:colcon.colcon_core.environment:checking '/home/aashraey-vaid/mars_rover_ws/install/mars_rover_description/lib'
[1.413s] Level 1:colcon.colcon_core.environment:checking '/home/aashraey-vaid/mars_rover_ws/install/mars_rover_description/bin'
[1.413s] Level 1:colcon.colcon_core.environment:checking '/home/aashraey-vaid/mars_rover_ws/install/mars_rover_description/lib/pkgconfig/mars_rover_description.pc'
[1.413s] Level 1:colcon.colcon_core.environment:checking '/home/aashraey-vaid/mars_rover_ws/install/mars_rover_description/lib/python3.12/site-packages'
[1.414s] Level 1:colcon.colcon_core.shell:create_environment_hook('mars_rover_description', 'pythonpath')
[1.414s] INFO:colcon.colcon_core.shell:Creating environment hook '/home/aashraey-vaid/mars_rover_ws/install/mars_rover_description/share/mars_rover_description/hook/pythonpath.ps1'
[1.414s] INFO:colcon.colcon_core.shell:Creating environment descriptor '/home/aashraey-vaid/mars_rover_ws/install/mars_rover_description/share/mars_rover_description/hook/pythonpath.dsv'
[1.415s] INFO:colcon.colcon_core.shell:Creating environment hook '/home/aashraey-vaid/mars_rover_ws/install/mars_rover_description/share/mars_rover_description/hook/pythonpath.sh'
[1.415s] Level 1:colcon.colcon_core.environment:checking '/home/aashraey-vaid/mars_rover_ws/install/mars_rover_description/bin'
[1.415s] Level 1:colcon.colcon_core.environment:create_environment_scripts_only(mars_rover_description)
[1.416s] INFO:colcon.colcon_core.shell:Creating package script '/home/aashraey-vaid/mars_rover_ws/install/mars_rover_description/share/mars_rover_description/package.ps1'
[1.417s] INFO:colcon.colcon_core.shell:Creating package descriptor '/home/aashraey-vaid/mars_rover_ws/install/mars_rover_description/share/mars_rover_description/package.dsv'
[1.418s] INFO:colcon.colcon_core.shell:Creating package script '/home/aashraey-vaid/mars_rover_ws/install/mars_rover_description/share/mars_rover_description/package.sh'
[1.418s] INFO:colcon.colcon_core.shell:Creating package script '/home/aashraey-vaid/mars_rover_ws/install/mars_rover_description/share/mars_rover_description/package.bash'
[1.419s] INFO:colcon.colcon_core.shell:Creating package script '/home/aashraey-vaid/mars_rover_ws/install/mars_rover_description/share/mars_rover_description/package.zsh'
[1.419s] Level 1:colcon.colcon_core.environment:create_file_with_runtime_dependencies(/home/aashraey-vaid/mars_rover_ws/install/mars_rover_description/share/colcon-core/packages/mars_rover_description)
[1.420s] DEBUG:colcon.colcon_parallel_executor.executor.parallel:closing loop
[1.420s] DEBUG:colcon.colcon_parallel_executor.executor.parallel:loop closed
[1.420s] DEBUG:colcon.colcon_parallel_executor.executor.parallel:run_until_complete finished with '0'
[1.420s] DEBUG:colcon.colcon_core.event_reactor:joining thread
[1.427s] INFO:colcon.colcon_core.plugin_system:Skipping extension 'colcon_notification.desktop_notification.terminal_notifier': Not used on non-Darwin systems
[1.428s] INFO:colcon.colcon_core.plugin_system:Skipping extension 'colcon_notification.desktop_notification.win32': Not used on non-Windows systems
[1.428s] INFO:colcon.colcon_notification.desktop_notification:Sending desktop notification using 'notify2'
[1.448s] DEBUG:colcon.colcon_core.event_reactor:joined thread
[1.449s] INFO:colcon.colcon_core.shell:Creating prefix script '/home/aashraey-vaid/mars_rover_ws/install/local_setup.ps1'
[1.450s] INFO:colcon.colcon_core.shell:Creating prefix util module '/home/aashraey-vaid/mars_rover_ws/install/_local_setup_util_ps1.py'
[1.450s] INFO:colcon.colcon_core.shell:Creating prefix chain script '/home/aashraey-vaid/mars_rover_ws/install/setup.ps1'
[1.451s] INFO:colcon.colcon_core.shell:Creating prefix script '/home/aashraey-vaid/mars_rover_ws/install/local_setup.sh'
[1.452s] INFO:colcon.colcon_core.shell:Creating prefix util module '/home/aashraey-vaid/mars_rover_ws/install/_local_setup_util_sh.py'
[1.452s] INFO:colcon.colcon_core.shell:Creating prefix chain script '/home/aashraey-vaid/mars_rover_ws/install/setup.sh'
[1.453s] INFO:colcon.colcon_core.shell:Creating prefix script '/home/aashraey-vaid/mars_rover_ws/install/local_setup.bash'
[1.453s] INFO:colcon.colcon_core.shell:Creating prefix chain script '/home/aashraey-vaid/mars_rover_ws/install/setup.bash'
[1.454s] INFO:colcon.colcon_core.shell:Creating prefix script '/home/aashraey-vaid/mars_rover_ws/install/local_setup.zsh'
[1.454s] INFO:colcon.colcon_core.shell:Creating prefix chain script '/home/aashraey-vaid/mars_rover_ws/install/setup.zsh'
