[0.776s] Invoking command in '/home/aashraey-vaid/mars_rover_ws/build/mars_rover_description': DEBUGINFOD_URLS=https://debuginfod.ubuntu.com PYTHONPATH=/home/aashraey-vaid/mars_rover_ws/build/mars_rover_description/prefix_override:/usr/lib/python3/dist-packages/colcon_core/task/python/colcon_distutils_commands:/home/aashraey-vaid/mars_rover_ws/install/mars_rover_description/lib/python3.12/site-packages:${PYTHONPATH} /usr/bin/python3 -W ignore:setup.py install is deprecated -W ignore:easy_install command is deprecated setup.py develop --editable --build-directory /home/aashraey-vaid/mars_rover_ws/build/mars_rover_description/build --no-deps symlink_data
[0.998s] running develop
[1.132s] running egg_info
[1.132s] creating mars_rover_description.egg-info
[1.145s] writing mars_rover_description.egg-info/PKG-INFO
[1.145s] writing dependency_links to mars_rover_description.egg-info/dependency_links.txt
[1.145s] writing requirements to mars_rover_description.egg-info/requires.txt
[1.145s] writing top-level names to mars_rover_description.egg-info/top_level.txt
[1.145s] writing manifest file 'mars_rover_description.egg-info/SOURCES.txt'
[1.172s] reading manifest file 'mars_rover_description.egg-info/SOURCES.txt'
[1.172s] writing manifest file 'mars_rover_description.egg-info/SOURCES.txt'
[1.186s] running build_ext
[1.186s] Creating /home/aashraey-vaid/mars_rover_ws/install/mars_rover_description/lib/python3.12/site-packages/mars-rover-description.egg-link (link to .)
[1.187s] 
[1.187s] Installed /home/aashraey-vaid/mars_rover_ws/build/mars_rover_description
[1.187s] running symlink_data
[1.187s] creating /home/aashraey-vaid/mars_rover_ws/install/mars_rover_description/share/ament_index
[1.187s] creating /home/aashraey-vaid/mars_rover_ws/install/mars_rover_description/share/ament_index/resource_index
[1.187s] creating /home/aashraey-vaid/mars_rover_ws/install/mars_rover_description/share/ament_index/resource_index/packages
[1.187s] symbolically linking /home/aashraey-vaid/mars_rover_ws/build/mars_rover_description/resource/mars_rover_description -> /home/aashraey-vaid/mars_rover_ws/install/mars_rover_description/share/ament_index/resource_index/packages
[1.187s] symbolically linking /home/aashraey-vaid/mars_rover_ws/build/mars_rover_description/package.xml -> /home/aashraey-vaid/mars_rover_ws/install/mars_rover_description/share/mars_rover_description
[1.187s] creating /home/aashraey-vaid/mars_rover_ws/install/mars_rover_description/share/mars_rover_description/urdf
[1.187s] symbolically linking /home/aashraey-vaid/mars_rover_ws/build/mars_rover_description/urdf/basic_rover.urdf.xacro -> /home/aashraey-vaid/mars_rover_ws/install/mars_rover_description/share/mars_rover_description/urdf
[1.187s] creating /home/aashraey-vaid/mars_rover_ws/install/mars_rover_description/share/mars_rover_description/launch
[1.187s] symbolically linking /home/aashraey-vaid/mars_rover_ws/build/mars_rover_description/launch/display.launch.py -> /home/aashraey-vaid/mars_rover_ws/install/mars_rover_description/share/mars_rover_description/launch
[1.243s] Invoked command in '/home/aashraey-vaid/mars_rover_ws/build/mars_rover_description' returned '0': DEBUGINFOD_URLS=https://debuginfod.ubuntu.com PYTHONPATH=/home/aashraey-vaid/mars_rover_ws/build/mars_rover_description/prefix_override:/usr/lib/python3/dist-packages/colcon_core/task/python/colcon_distutils_commands:/home/aashraey-vaid/mars_rover_ws/install/mars_rover_description/lib/python3.12/site-packages:${PYTHONPATH} /usr/bin/python3 -W ignore:setup.py install is deprecated -W ignore:easy_install command is deprecated setup.py develop --editable --build-directory /home/aashraey-vaid/mars_rover_ws/build/mars_rover_description/build --no-deps symlink_data
