[0.781s] Invoking command in '/home/aashraey-vaid/mars_rover_ws/build/mars_rover_description': DEBUGINFOD_URLS=https://debuginfod.ubuntu.com PYTHONPATH=/home/aashraey-vaid/mars_rover_ws/build/mars_rover_description/prefix_override:/usr/lib/python3/dist-packages/colcon_core/task/python/colcon_distutils_commands:/home/aashraey-vaid/mars_rover_ws/install/mars_rover_description/lib/python3.12/site-packages:${PYTHONPATH} /usr/bin/python3 -W ignore:setup.py install is deprecated -W ignore:easy_install command is deprecated setup.py develop --editable --build-directory /home/aashraey-vaid/mars_rover_ws/build/mars_rover_description/build --no-deps symlink_data
[1.013s] running develop
[1.140s] running egg_info
[1.140s] creating mars_rover_description.egg-info
[1.152s] writing mars_rover_description.egg-info/PKG-INFO
[1.152s] writing dependency_links to mars_rover_description.egg-info/dependency_links.txt
[1.152s] writing requirements to mars_rover_description.egg-info/requires.txt
[1.153s] writing top-level names to mars_rover_description.egg-info/top_level.txt
[1.153s] writing manifest file 'mars_rover_description.egg-info/SOURCES.txt'
[1.165s] reading manifest file 'mars_rover_description.egg-info/SOURCES.txt'
[1.165s] writing manifest file 'mars_rover_description.egg-info/SOURCES.txt'
[1.178s] running build_ext
[1.190s] Creating /home/aashraey-vaid/mars_rover_ws/install/mars_rover_description/lib/python3.12/site-packages/mars-rover-description.egg-link (link to .)
[1.191s] 
[1.191s] Installed /home/aashraey-vaid/mars_rover_ws/build/mars_rover_description
[1.191s] running symlink_data
[1.191s] creating /home/aashraey-vaid/mars_rover_ws/install/mars_rover_description/share/ament_index
[1.191s] creating /home/aashraey-vaid/mars_rover_ws/install/mars_rover_description/share/ament_index/resource_index
[1.191s] creating /home/aashraey-vaid/mars_rover_ws/install/mars_rover_description/share/ament_index/resource_index/packages
[1.191s] error: can't copy '/home/aashraey-vaid/mars_rover_ws/build/mars_rover_description/models/ground_plane': doesn't exist or not a regular file
[1.192s] symbolically linking /home/aashraey-vaid/mars_rover_ws/build/mars_rover_description/resource/mars_rover_description -> /home/aashraey-vaid/mars_rover_ws/install/mars_rover_description/share/ament_index/resource_index/packages
[1.192s] symbolically linking /home/aashraey-vaid/mars_rover_ws/build/mars_rover_description/package.xml -> /home/aashraey-vaid/mars_rover_ws/install/mars_rover_description/share/mars_rover_description
[1.192s] creating /home/aashraey-vaid/mars_rover_ws/install/mars_rover_description/share/mars_rover_description/launch
[1.192s] symbolically linking /home/aashraey-vaid/mars_rover_ws/build/mars_rover_description/launch/basic_rover.launch.py -> /home/aashraey-vaid/mars_rover_ws/install/mars_rover_description/share/mars_rover_description/launch
[1.192s] creating /home/aashraey-vaid/mars_rover_ws/install/mars_rover_description/share/mars_rover_description/config
[1.192s] creating /home/aashraey-vaid/mars_rover_ws/install/mars_rover_description/share/mars_rover_description/models
[1.216s] Invoked command in '/home/aashraey-vaid/mars_rover_ws/build/mars_rover_description' returned '1': DEBUGINFOD_URLS=https://debuginfod.ubuntu.com PYTHONPATH=/home/aashraey-vaid/mars_rover_ws/build/mars_rover_description/prefix_override:/usr/lib/python3/dist-packages/colcon_core/task/python/colcon_distutils_commands:/home/aashraey-vaid/mars_rover_ws/install/mars_rover_description/lib/python3.12/site-packages:${PYTHONPATH} /usr/bin/python3 -W ignore:setup.py install is deprecated -W ignore:easy_install command is deprecated setup.py develop --editable --build-directory /home/aashraey-vaid/mars_rover_ws/build/mars_rover_description/build --no-deps symlink_data
