[0.569s] Invoking command in '/home/aashraey-vaid/mars_rover_ws/src/mars_rover_description': DEBUGINFOD_URLS=https://debuginfod.ubuntu.com PYTHONPATH=/home/aashraey-vaid/mars_rover_ws/build/mars_rover_description/prefix_override:/usr/lib/python3/dist-packages/colcon_core/task/python/colcon_distutils_commands:/home/aashraey-vaid/mars_rover_ws/install/mars_rover_description/lib/python3.12/site-packages:${PYTHONPATH} /usr/bin/python3 -W ignore:setup.py install is deprecated -W ignore:easy_install command is deprecated setup.py egg_info --egg-base ../../build/mars_rover_description build --build-base /home/aashraey-vaid/mars_rover_ws/build/mars_rover_description/build install --record /home/aashraey-vaid/mars_rover_ws/build/mars_rover_description/install.log --install-scripts $base/lib/mars_rover_description --single-version-externally-managed install_data
[0.755s] running egg_info
[0.768s] writing ../../build/mars_rover_description/mars_rover_description.egg-info/PKG-INFO
[0.768s] writing dependency_links to ../../build/mars_rover_description/mars_rover_description.egg-info/dependency_links.txt
[0.768s] writing requirements to ../../build/mars_rover_description/mars_rover_description.egg-info/requires.txt
[0.768s] writing top-level names to ../../build/mars_rover_description/mars_rover_description.egg-info/top_level.txt
[0.794s] reading manifest file '../../build/mars_rover_description/mars_rover_description.egg-info/SOURCES.txt'
[0.795s] writing manifest file '../../build/mars_rover_description/mars_rover_description.egg-info/SOURCES.txt'
[0.795s] running build
[0.795s] running build_py
[0.795s] running install
[0.799s] running install_lib
[0.814s] running install_data
[0.814s] copying urdf/basic_rover.urdf.xacro -> /home/aashraey-vaid/mars_rover_ws/install/mars_rover_description/share/mars_rover_description/urdf
[0.814s] running install_egg_info
[0.829s] removing '/home/aashraey-vaid/mars_rover_ws/install/mars_rover_description/lib/python3.12/site-packages/mars_rover_description-0.0.0-py3.12.egg-info' (and everything under it)
[0.829s] Copying ../../build/mars_rover_description/mars_rover_description.egg-info to /home/aashraey-vaid/mars_rover_ws/install/mars_rover_description/lib/python3.12/site-packages/mars_rover_description-0.0.0-py3.12.egg-info
[0.829s] running install_scripts
[0.915s] writing list of installed files to '/home/aashraey-vaid/mars_rover_ws/build/mars_rover_description/install.log'
[0.938s] Invoked command in '/home/aashraey-vaid/mars_rover_ws/src/mars_rover_description' returned '0': DEBUGINFOD_URLS=https://debuginfod.ubuntu.com PYTHONPATH=/home/aashraey-vaid/mars_rover_ws/build/mars_rover_description/prefix_override:/usr/lib/python3/dist-packages/colcon_core/task/python/colcon_distutils_commands:/home/aashraey-vaid/mars_rover_ws/install/mars_rover_description/lib/python3.12/site-packages:${PYTHONPATH} /usr/bin/python3 -W ignore:setup.py install is deprecated -W ignore:easy_install command is deprecated setup.py egg_info --egg-base ../../build/mars_rover_description build --build-base /home/aashraey-vaid/mars_rover_ws/build/mars_rover_description/build install --record /home/aashraey-vaid/mars_rover_ws/build/mars_rover_description/install.log --install-scripts $base/lib/mars_rover_description --single-version-externally-managed install_data
